<UPSTREAM>/fla/utils/_device.py:100: UserWarning: Triton is not supported on current platform, roll back to CPU.
  _cpu_device_warning()
{"phase": "features", "seed": 0, "role": "fit", "seconds": 1.9480924060007965}
{"phase": "features", "seed": 0, "role": "dev", "seconds": 0.4229064869996364}
{"phase": "fit", "seed": 0, "condition": "SHORT_REFIT", "lambda": 0.0001, "status": "GRADIENT_TOLERANCE_MET", "iterations": 0, "seconds": 0.010498468000150751}
{"phase": "fit", "seed": 0, "condition": "SHORT_REFIT", "lambda": 0.01, "status": "GRADIENT_TOLERANCE_MET", "iterations": 0, "seconds": 0.003536487000019406}
{"phase": "fit", "seed": 0, "condition": "SHORT_REFIT", "lambda": 1.0, "status": "GRADIENT_TOLERANCE_MET", "iterations": 0, "seconds": 0.004018914998596301}
{"phase": "fit", "seed": 0, "condition": "MIXED_REFIT", "lambda": 0.0001, "status": "MAX_ITER_NOT_CONVERGED", "iterations": 200, "seconds": 0.8003248190016166}
{"phase": "fit", "seed": 0, "condition": "MIXED_REFIT", "lambda": 0.01, "status": "OPTIMIZER_SMALL_CHANGE_OR_DIRECTION_STOP", "iterations": 29, "seconds": 0.09611475199926645}
{"phase": "fit", "seed": 0, "condition": "MIXED_REFIT", "lambda": 1.0, "status": "OPTIMIZER_SMALL_CHANGE_OR_DIRECTION_STOP", "iterations": 5, "seconds": 0.01658660599969153}
{"phase": "features", "seed": 1, "role": "fit", "seconds": 1.3068225870010792}
{"phase": "features", "seed": 1, "role": "dev", "seconds": 0.42630772499978775}
{"phase": "fit", "seed": 1, "condition": "SHORT_REFIT", "lambda": 0.0001, "status": "GRADIENT_TOLERANCE_MET", "iterations": 0, "seconds": 0.0032782039997982793}
{"phase": "fit", "seed": 1, "condition": "SHORT_REFIT", "lambda": 0.01, "status": "GRADIENT_TOLERANCE_MET", "iterations": 0, "seconds": 0.00321214100040379}
{"phase": "fit", "seed": 1, "condition": "SHORT_REFIT", "lambda": 1.0, "status": "GRADIENT_TOLERANCE_MET", "iterations": 0, "seconds": 0.0032410849998996127}
{"phase": "fit", "seed": 1, "condition": "MIXED_REFIT", "lambda": 0.0001, "status": "MAX_ITER_NOT_CONVERGED", "iterations": 200, "seconds": 0.7687983030009491}
{"phase": "fit", "seed": 1, "condition": "MIXED_REFIT", "lambda": 0.01, "status": "OPTIMIZER_SMALL_CHANGE_OR_DIRECTION_STOP", "iterations": 55, "seconds": 0.2217027019996749}
{"phase": "fit", "seed": 1, "condition": "MIXED_REFIT", "lambda": 1.0, "status": "OPTIMIZER_SMALL_CHANGE_OR_DIRECTION_STOP", "iterations": 5, "seconds": 0.024173884999981965}
{"phase": "features", "seed": 2, "role": "fit", "seconds": 1.3569478770004935}
{"phase": "features", "seed": 2, "role": "dev", "seconds": 0.4007267779998074}
{"phase": "fit", "seed": 2, "condition": "SHORT_REFIT", "lambda": 0.0001, "status": "GRADIENT_TOLERANCE_MET", "iterations": 0, "seconds": 0.0033736610002961243}
{"phase": "fit", "seed": 2, "condition": "SHORT_REFIT", "lambda": 0.01, "status": "GRADIENT_TOLERANCE_MET", "iterations": 0, "seconds": 0.0030567470003006747}
{"phase": "fit", "seed": 2, "condition": "SHORT_REFIT", "lambda": 1.0, "status": "GRADIENT_TOLERANCE_MET", "iterations": 0, "seconds": 0.00295267799992871}
{"phase": "fit", "seed": 2, "condition": "MIXED_REFIT", "lambda": 0.0001, "status": "OPTIMIZER_SMALL_CHANGE_OR_DIRECTION_STOP", "iterations": 104, "seconds": 0.3639615779993619}
{"phase": "fit", "seed": 2, "condition": "MIXED_REFIT", "lambda": 0.01, "status": "OPTIMIZER_SMALL_CHANGE_OR_DIRECTION_STOP", "iterations": 25, "seconds": 0.08699670100031653}
{"phase": "fit", "seed": 2, "condition": "MIXED_REFIT", "lambda": 1.0, "status": "OPTIMIZER_SMALL_CHANGE_OR_DIRECTION_STOP", "iterations": 4, "seconds": 0.01397256200107222}
{"phase": "SELECTED_HEADS_FROZEN", "sha256": "56d7cd126397c9ed0578ecaf0efa1d7fb36abb6e8b258fd4b0c278ee2d7508d4"}
